% testdata2: <surf area> <gray vol> <thick mean> <thick var> <integ rect. mean curv> <integ rect. Gauss curv> <fold index> <intr curv ind>
87884	244133	2.463	0.915	0.115	0.025	1381	129.1
