# Measure Cortex, NumVert, Number of Vertices, 136627, unitless
# Measure Cortex, SurfArea, Surface Area, 89116.1, mm^2
# Measure Cortex, MeanThickness, Mean Thickness, 2.57319, mm
