rh.precentral.label                      8173   5464  14949  2.433 0.594     0.124     0.047   86.694  14.093
