bankssts                                 1638   1182   2664  2.357 0.561     0.099     0.015        9     1.1
caudalanteriorcingulate                   808    623   2207  2.820 0.727     0.162     0.029       15     1.0
caudalmiddlefrontal                      4376   3010   8361  2.441 0.544     0.117     0.021       44     3.7
cuneus                                   2751   1907   4380  1.899 0.555     0.162     0.041       48     5.1
entorhinal                                489    345   1269  2.512 0.856     0.139     0.022        7     0.5
fusiform                                 5910   4198  10607  2.124 0.673     0.139     0.034       91     8.8
inferiorparietal                         8100   5609  14268  2.191 0.597     0.127     0.026      102     9.0
inferiortemporal                         5268   3388   9703  2.167 0.804     0.130     0.034       83     7.8
isthmuscingulate                         1409   1005   2866  2.482 0.859     0.135     0.027       17     1.6
lateraloccipital                         5584   3889   9996  2.157 0.562     0.152     0.040       88     9.2
lateralorbitofrontal                     3205   2145   6800  2.733 0.868     0.124     0.028       40     3.7
lingual                                  3684   2595   6562  2.200 0.732     0.148     0.042      143     7.0
medialorbitofrontal                      2675   1692   5159  2.256 0.831     0.123     0.025       36     2.9
middletemporal                           5300   3805  12943  2.586 0.815     0.133     0.032       74     7.7
parahippocampal                          1135    807   2390  2.371 0.920     0.108     0.021       10     1.0
paracentral                              2911   1938   5122  2.381 0.632     0.111     0.019       22     2.4
parsopercularis                          2217   1554   4383  2.436 0.564     0.123     0.024       27     2.4
parsorbitalis                            1415   1048   3381  2.428 0.622     0.152     0.036       24     2.4
parstriangularis                         1829   1319   3964  2.444 0.640     0.122     0.022       19     1.8
pericalcarine                            2305   1562   2782  1.613 0.566     0.140     0.040       37     3.8
postcentral                              6956   4676  11574  2.127 0.697     0.116     0.023       70     6.6
posteriorcingulate                       1556   1135   3461  2.630 0.502     0.147     0.033       25     2.1
precentral                               8173   5464  14949  2.433 0.594     0.106     0.022       64     6.4
precuneus                                5049   3463   8660  2.197 0.654     0.129     0.031       62     6.4
rostralanteriorcingulate                  654    472   1436  2.361 0.740     0.117     0.027        7     0.7
rostralmiddlefrontal                     5544   3922   9855  2.117 0.635     0.144     0.037       75     9.9
superiorfrontal                         12669   9013  27458  2.532 0.642     0.130     0.029      153    16.1
superiorparietal                         9245   6308  14628  2.066 0.508     0.130     0.026      119    10.1
superiortemporal                         6110   4173  13377  2.587 0.737     0.114     0.025       64     6.7
supramarginal                            3549   2488   7407  2.477 0.623     0.132     0.031       49     5.0
frontalpole                               478    396   1821  3.082 0.751     0.225     0.080       13     2.0
temporalpole                              598    494   2821  3.678 0.719     0.189     0.051       12     1.7
transversetemporal                        454    299    879  2.515 0.469     0.115     0.019        4     0.3
